Archive member included to satisfy reference by file (symbol)

c:/st/stm32cubeide_1.10.1/stm32cubeide/plugins/com.st.stm32cube.ide.mcu.externaltools.gnu-tools-for-stm32.10.3-2021.10.win32_1.0.200.202301161003/tools/bin/../lib/gcc/arm-none-eabi/10.3.1/../../../../arm-none-eabi/lib/thumb/v7e-m+fp/hard\libc_nano.a(lib_a-errno.o)
                              ./Core/Src/syscalls.o (__errno)
c:/st/stm32cubeide_1.10.1/stm32cubeide/plugins/com.st.stm32cube.ide.mcu.externaltools.gnu-tools-for-stm32.10.3-2021.10.win32_1.0.200.202301161003/tools/bin/../lib/gcc/arm-none-eabi/10.3.1/../../../../arm-none-eabi/lib/thumb/v7e-m+fp/hard\libc_nano.a(lib_a-exit.o)
                              c:/st/stm32cubeide_1.10.1/stm32cubeide/plugins/com.st.stm32cube.ide.mcu.externaltools.gnu-tools-for-stm32.10.3-2021.10.win32_1.0.200.202301161003/tools/bin/../lib/gcc/arm-none-eabi/10.3.1/../../../../arm-none-eabi/lib/thumb/v7e-m+fp/hard/crt0.o (exit)
c:/st/stm32cubeide_1.10.1/stm32cubeide/plugins/com.st.stm32cube.ide.mcu.externaltools.gnu-tools-for-stm32.10.3-2021.10.win32_1.0.200.202301161003/tools/bin/../lib/gcc/arm-none-eabi/10.3.1/../../../../arm-none-eabi/lib/thumb/v7e-m+fp/hard\libc_nano.a(lib_a-impure.o)
                              c:/st/stm32cubeide_1.10.1/stm32cubeide/plugins/com.st.stm32cube.ide.mcu.externaltools.gnu-tools-for-stm32.10.3-2021.10.win32_1.0.200.202301161003/tools/bin/../lib/gcc/arm-none-eabi/10.3.1/../../../../arm-none-eabi/lib/thumb/v7e-m+fp/hard\libc_nano.a(lib_a-exit.o) (_global_impure_ptr)
c:/st/stm32cubeide_1.10.1/stm32cubeide/plugins/com.st.stm32cube.ide.mcu.externaltools.gnu-tools-for-stm32.10.3-2021.10.win32_1.0.200.202301161003/tools/bin/../lib/gcc/arm-none-eabi/10.3.1/../../../../arm-none-eabi/lib/thumb/v7e-m+fp/hard\libc_nano.a(lib_a-init.o)
                              c:/st/stm32cubeide_1.10.1/stm32cubeide/plugins/com.st.stm32cube.ide.mcu.externaltools.gnu-tools-for-stm32.10.3-2021.10.win32_1.0.200.202301161003/tools/bin/../lib/gcc/arm-none-eabi/10.3.1/../../../../arm-none-eabi/lib/thumb/v7e-m+fp/hard/crt0.o (__libc_init_array)
c:/st/stm32cubeide_1.10.1/stm32cubeide/plugins/com.st.stm32cube.ide.mcu.externaltools.gnu-tools-for-stm32.10.3-2021.10.win32_1.0.200.202301161003/tools/bin/../lib/gcc/arm-none-eabi/10.3.1/../../../../arm-none-eabi/lib/thumb/v7e-m+fp/hard\libc_nano.a(lib_a-memset.o)
                              c:/st/stm32cubeide_1.10.1/stm32cubeide/plugins/com.st.stm32cube.ide.mcu.externaltools.gnu-tools-for-stm32.10.3-2021.10.win32_1.0.200.202301161003/tools/bin/../lib/gcc/arm-none-eabi/10.3.1/../../../../arm-none-eabi/lib/thumb/v7e-m+fp/hard/crt0.o (memset)

Discarded input sections

 .text          0x0000000000000000        0x0 c:/st/stm32cubeide_1.10.1/stm32cubeide/plugins/com.st.stm32cube.ide.mcu.externaltools.gnu-tools-for-stm32.10.3-2021.10.win32_1.0.200.202301161003/tools/bin/../lib/gcc/arm-none-eabi/10.3.1/thumb/v7e-m+fp/hard/crti.o
 .data          0x0000000000000000        0x0 c:/st/stm32cubeide_1.10.1/stm32cubeide/plugins/com.st.stm32cube.ide.mcu.externaltools.gnu-tools-for-stm32.10.3-2021.10.win32_1.0.200.202301161003/tools/bin/../lib/gcc/arm-none-eabi/10.3.1/thumb/v7e-m+fp/hard/crti.o
 .bss           0x0000000000000000        0x0 c:/st/stm32cubeide_1.10.1/stm32cubeide/plugins/com.st.stm32cube.ide.mcu.externaltools.gnu-tools-for-stm32.10.3-2021.10.win32_1.0.200.202301161003/tools/bin/../lib/gcc/arm-none-eabi/10.3.1/thumb/v7e-m+fp/hard/crti.o
 .data          0x0000000000000000        0x4 c:/st/stm32cubeide_1.10.1/stm32cubeide/plugins/com.st.stm32cube.ide.mcu.externaltools.gnu-tools-for-stm32.10.3-2021.10.win32_1.0.200.202301161003/tools/bin/../lib/gcc/arm-none-eabi/10.3.1/thumb/v7e-m+fp/hard/crtbegin.o
 .rodata        0x0000000000000000       0x24 c:/st/stm32cubeide_1.10.1/stm32cubeide/plugins/com.st.stm32cube.ide.mcu.externaltools.gnu-tools-for-stm32.10.3-2021.10.win32_1.0.200.202301161003/tools/bin/../lib/gcc/arm-none-eabi/10.3.1/thumb/v7e-m+fp/hard/crtbegin.o
 .text          0x0000000000000000       0x7c c:/st/stm32cubeide_1.10.1/stm32cubeide/plugins/com.st.stm32cube.ide.mcu.externaltools.gnu-tools-for-stm32.10.3-2021.10.win32_1.0.200.202301161003/tools/bin/../lib/gcc/arm-none-eabi/10.3.1/../../../../arm-none-eabi/lib/thumb/v7e-m+fp/hard/crt0.o
 .data          0x0000000000000000        0x0 c:/st/stm32cubeide_1.10.1/stm32cubeide/plugins/com.st.stm32cube.ide.mcu.externaltools.gnu-tools-for-stm32.10.3-2021.10.win32_1.0.200.202301161003/tools/bin/../lib/gcc/arm-none-eabi/10.3.1/../../../../arm-none-eabi/lib/thumb/v7e-m+fp/hard/crt0.o
 .bss           0x0000000000000000        0x0 c:/st/stm32cubeide_1.10.1/stm32cubeide/plugins/com.st.stm32cube.ide.mcu.externaltools.gnu-tools-for-stm32.10.3-2021.10.win32_1.0.200.202301161003/tools/bin/../lib/gcc/arm-none-eabi/10.3.1/../../../../arm-none-eabi/lib/thumb/v7e-m+fp/hard/crt0.o
[...]
Memory Configuration

Name             Origin             Length             Attributes
CCMRAM           0x0000000010000000 0x0000000000001000 xrw
RAM              0x0000000020000000 0x0000000000003000 xrw
FLASH            0x0000000008000000 0x0000000000010000 xr
*default*        0x0000000000000000 0xffffffffffffffff

Linker script and memory map

LOAD c:/st/stm32cubeide_1.10.1/stm32cubeide/plugins/com.st.stm32cube.ide.mcu.externaltools.gnu-tools-for-stm32.10.3-2021.10.win32_1.0.200.202301161003/tools/bin/../lib/gcc/arm-none-eabi/10.3.1/thumb/v7e-m+fp/hard/crti.o
LOAD c:/st/stm32cubeide_1.10.1/stm32cubeide/plugins/com.st.stm32cube.ide.mcu.externaltools.gnu-tools-for-stm32.10.3-2021.10.win32_1.0.200.202301161003/tools/bin/../lib/gcc/arm-none-eabi/10.3.1/thumb/v7e-m+fp/hard/crtbegin.o
LOAD c:/st/stm32cubeide_1.10.1/stm32cubeide/plugins/com.st.stm32cube.ide.mcu.externaltools.gnu-tools-for-stm32.10.3-2021.10.win32_1.0.200.202301161003/tools/bin/../lib/gcc/arm-none-eabi/10.3.1/../../../../arm-none-eabi/lib/thumb/v7e-m+fp/hard/crt0.o
LOAD ./Core/Src/gpio.o
LOAD ./Core/Src/i2c.o
LOAD ./Core/Src/main.o
LOAD ./Core/Src/stm32f3xx_it.o
LOAD ./Core/Src/syscalls.o
LOAD ./Core/Src/sysmem.o
LOAD ./Core/Src/system_stm32f3xx.o
LOAD ./Core/Src/usart.o
LOAD ./Core/Startup/startup_stm32f303k8tx.o
LOAD ./Drivers/STM32F3xx_HAL_Driver/stm32f3xx_ll_dma.o
LOAD ./Drivers/STM32F3xx_HAL_Driver/stm32f3xx_ll_exti.o
LOAD ./Drivers/STM32F3xx_HAL_Driver/stm32f3xx_ll_gpio.o
LOAD ./Drivers/STM32F3xx_HAL_Driver/stm32f3xx_ll_i2c.o
LOAD ./Drivers/STM32F3xx_HAL_Driver/stm32f3xx_ll_rcc.o
LOAD ./Drivers/STM32F3xx_HAL_Driver/stm32f3xx_ll_usart.o
LOAD ./Drivers/STM32F3xx_HAL_Driver/stm32f3xx_ll_utils.o
LOAD ./Sensors_i2c/HTS221.o
LOAD ./Sensors_i2c/LPS25HB.o
START GROUP
LOAD c:/st/stm32cubeide_1.10.1/stm32cubeide/plugins/com.st.stm32cube.ide.mcu.externaltools.gnu-tools-for-stm32.10.3-2021.10.win32_1.0.200.202301161003/tools/bin/../lib/gcc/arm-none-eabi/10.3.1/../../../../arm-none-eabi/lib/thumb/v7e-m+fp/hard\libc_nano.a
LOAD c:/st/stm32cubeide_1.10.1/stm32cubeide/plugins/com.st.stm32cube.ide.mcu.externaltools.gnu-tools-for-stm32.10.3-2021.10.win32_1.0.200.202301161003/tools/bin/../lib/gcc/arm-none-eabi/10.3.1/../../../../arm-none-eabi/lib/thumb/v7e-m+fp/hard\libm.a
END GROUP
START GROUP
LOAD c:/st/stm32cubeide_1.10.1/stm32cubeide/plugins/com.st.stm32cube.ide.mcu.externaltools.gnu-tools-for-stm32.10.3-2021.10.win32_1.0.200.202301161003/tools/bin/../lib/gcc/arm-none-eabi/10.3.1/thumb/v7e-m+fp/hard\libgcc.a
LOAD c:/st/stm32cubeide_1.10.1/stm32cubeide/plugins/com.st.stm32cube.ide.mcu.externaltools.gnu-tools-for-stm32.10.3-2021.10.win32_1.0.200.202301161003/tools/bin/../lib/gcc/arm-none-eabi/10.3.1/../../../../arm-none-eabi/lib/thumb/v7e-m+fp/hard\libc_nano.a
END GROUP
START GROUP
LOAD c:/st/stm32cubeide_1.10.1/stm32cubeide/plugins/com.st.stm32cube.ide.mcu.externaltools.gnu-tools-for-stm32.10.3-2021.10.win32_1.0.200.202301161003/tools/bin/../lib/gcc/arm-none-eabi/10.3.1/thumb/v7e-m+fp/hard\libgcc.a
LOAD c:/st/stm32cubeide_1.10.1/stm32cubeide/plugins/com.st.stm32cube.ide.mcu.externaltools.gnu-tools-for-stm32.10.3-2021.10.win32_1.0.200.202301161003/tools/bin/../lib/gcc/arm-none-eabi/10.3.1/../../../../arm-none-eabi/lib/thumb/v7e-m+fp/hard\libc_nano.a
LOAD c:/st/stm32cubeide_1.10.1/stm32cubeide/plugins/com.st.stm32cube.ide.mcu.externaltools.gnu-tools-for-stm32.10.3-2021.10.win32_1.0.200.202301161003/tools/bin/../lib/gcc/arm-none-eabi/10.3.1/../../../../arm-none-eabi/lib/thumb/v7e-m+fp/hard\libnosys.a
END GROUP
START GROUP
LOAD c:/st/stm32cubeide_1.10.1/stm32cubeide/plugins/com.st.stm32cube.ide.mcu.externaltools.gnu-tools-for-stm32.10.3-2021.10.win32_1.0.200.202301161003/tools/bin/../lib/gcc/arm-none-eabi/10.3.1/thumb/v7e-m+fp/hard\libgcc.a
LOAD c:/st/stm32cubeide_1.10.1/stm32cubeide/plugins/com.st.stm32cube.ide.mcu.externaltools.gnu-tools-for-stm32.10.3-2021.10.win32_1.0.200.202301161003/tools/bin/../lib/gcc/arm-none-eabi/10.3.1/../../../../arm-none-eabi/lib/thumb/v7e-m+fp/hard\libc_nano.a
LOAD c:/st/stm32cubeide_1.10.1/stm32cubeide/plugins/com.st.stm32cube.ide.mcu.externaltools.gnu-tools-for-stm32.10.3-2021.10.win32_1.0.200.202301161003/tools/bin/../lib/gcc/arm-none-eabi/10.3.1/../../../../arm-none-eabi/lib/thumb/v7e-m+fp/hard\libnosys.a
END GROUP
LOAD c:/st/stm32cubeide_1.10.1/stm32cubeide/plugins/com.st.stm32cube.ide.mcu.externaltools.gnu-tools-for-stm32.10.3-2021.10.win32_1.0.200.202301161003/tools/bin/../lib/gcc/arm-none-eabi/10.3.1/thumb/v7e-m+fp/hard/crtend.o
LOAD c:/st/stm32cubeide_1.10.1/stm32cubeide/plugins/com.st.stm32cube.ide.mcu.externaltools.gnu-tools-for-stm32.10.3-2021.10.win32_1.0.200.202301161003/tools/bin/../lib/gcc/arm-none-eabi/10.3.1/thumb/v7e-m+fp/hard/crtn.o
                0x0000000020003000                _estack = (ORIGIN (RAM) + LENGTH (RAM))
                0x0000000000000200                _Min_Heap_Size = 0x200
                0x0000000000000400                _Min_Stack_Size = 0x400

.isr_vector     0x0000000008000000      0x188
                0x0000000008000000                . = ALIGN (0x4)
 *(.isr_vector)
 .isr_vector    0x0000000008000000      0x188 ./Core/Startup/startup_stm32f303k8tx.o
                0x0000000008000000                g_pfnVectors
                0x0000000008000188                . = ALIGN (0x4)

.text           0x0000000008000188     0x1228
                0x0000000008000188                . = ALIGN (0x4)
 *(.text)
 .text          0x0000000008000188       0x40 c:/st/stm32cubeide_1.10.1/stm32cubeide/plugins/com.st.stm32cube.ide.mcu.externaltools.gnu-tools-for-stm32.10.3-2021.10.win32_1.0.200.202301161003/tools/bin/../lib/gcc/arm-none-eabi/10.3.1/thumb/v7e-m+fp/hard/crtbegin.o
 *(.text*)
 .text.LL_AHB1_GRP1_EnableClock
                0x00000000080001c8       0x30 ./Core/Src/gpio.o
 .text.MX_GPIO_Init
                0x00000000080001f8       0x20 ./Core/Src/gpio.o
                0x00000000080001f8                MX_GPIO_Init
 .text.LL_I2C_EnableClockStretching
                0x0000000008000218       0x20 ./Core/Src/i2c.o
 .text.LL_I2C_DisableGeneralCall
                0x0000000008000238       0x20 ./Core/Src/i2c.o
 .text.LL_I2C_SetOwnAddress2
                0x0000000008000258       0x30 ./Core/Src/i2c.o
 .text.LL_I2C_DisableOwnAddress2
                0x0000000008000288       0x20 ./Core/Src/i2c.o
 .text.LL_I2C_EnableAutoEndMode
                0x00000000080002a8       0x20 ./Core/Src/i2c.o
 .text.LL_AHB1_GRP1_EnableClock
                0x00000000080002c8       0x30 ./Core/Src/i2c.o
 .text.LL_APB1_GRP1_EnableClock
                0x00000000080002f8       0x30 ./Core/Src/i2c.o
 .text.MX_I2C1_Init
                0x0000000008000328       0xbc ./Core/Src/i2c.o
                0x0000000008000328                MX_I2C1_Init
 .text.__NVIC_SetPriorityGrouping
                0x00000000080003e4       0x48 ./Core/Src/main.o
 .text.LL_RCC_HSI_Enable
                0x000000000800042c       0x20 ./Core/Src/main.o
 .text.LL_RCC_HSI_IsReady
                0x000000000800044c       0x24 ./Core/Src/main.o
 .text.LL_RCC_HSI_SetCalibTrimming
                0x0000000008000470       0x2c ./Core/Src/main.o
 .text.LL_RCC_SetSysClkSource
                0x000000000800049c       0x28 ./Core/Src/main.o
 .text.LL_RCC_GetSysClkSource
                0x00000000080004c4       0x1c ./Core/Src/main.o
 .text.LL_RCC_SetAHBPrescaler
                0x00000000080004e0       0x28 ./Core/Src/main.o
 .text.LL_RCC_SetAPB1Prescaler
                0x0000000008000508       0x28 ./Core/Src/main.o
 .text.LL_RCC_SetAPB2Prescaler
                0x0000000008000530       0x28 ./Core/Src/main.o
 .text.LL_RCC_SetI2CClockSource
                0x0000000008000558       0x30 ./Core/Src/main.o
 .text.LL_APB1_GRP1_EnableClock
                0x0000000008000588       0x30 ./Core/Src/main.o
 .text.LL_APB2_GRP1_EnableClock
                0x00000000080005b8       0x30 ./Core/Src/main.o
 .text.LL_FLASH_SetLatency
                0x00000000080005e8       0x28 ./Core/Src/main.o
 .text.LL_FLASH_GetLatency
                0x0000000008000610       0x1c ./Core/Src/main.o
 .text.main     0x000000000800062c       0x2a ./Core/Src/main.o
                0x000000000800062c                main
 *fill*         0x0000000008000656        0x2 
 .text.SystemClock_Config
                0x0000000008000658       0x6c ./Core/Src/main.o
                0x0000000008000658                SystemClock_Config
 .text.NMI_Handler
                0x00000000080006c4        0x6 ./Core/Src/stm32f3xx_it.o
                0x00000000080006c4                NMI_Handler
 .text.HardFault_Handler
                0x00000000080006ca        0x6 ./Core/Src/stm32f3xx_it.o
                0x00000000080006ca                HardFault_Handler
 .text.MemManage_Handler
                0x00000000080006d0        0x6 ./Core/Src/stm32f3xx_it.o
                0x00000000080006d0                MemManage_Handler
 .text.BusFault_Handler
                0x00000000080006d6        0x6 ./Core/Src/stm32f3xx_it.o
                0x00000000080006d6                BusFault_Handler
 .text.UsageFault_Handler
                0x00000000080006dc        0x6 ./Core/Src/stm32f3xx_it.o
                0x00000000080006dc                UsageFault_Handler
 .text.SVC_Handler
                0x00000000080006e2        0xe ./Core/Src/stm32f3xx_it.o
                0x00000000080006e2                SVC_Handler
 .text.DebugMon_Handler
                0x00000000080006f0        0xe ./Core/Src/stm32f3xx_it.o
                0x00000000080006f0                DebugMon_Handler
 .text.PendSV_Handler
                0x00000000080006fe        0xe ./Core/Src/stm32f3xx_it.o
                0x00000000080006fe                PendSV_Handler
 .text.SysTick_Handler
                0x000000000800070c        0xe ./Core/Src/stm32f3xx_it.o
                0x000000000800070c                SysTick_Handler
 *fill*         0x000000000800071a        0x2 
 .text.SystemInit
                0x000000000800071c       0x24 ./Core/Src/system_stm32f3xx.o
                0x000000000800071c                SystemInit
 .text.LL_AHB1_GRP1_EnableClock
                0x0000000008000740       0x30 ./Core/Src/usart.o
 .text.LL_APB1_GRP1_EnableClock
                0x0000000008000770       0x30 ./Core/Src/usart.o
 .text.LL_USART_Enable
                0x00000000080007a0       0x20 ./Core/Src/usart.o
 .text.LL_USART_ConfigAsyncMode
                0x00000000080007c0       0x2c ./Core/Src/usart.o
 .text.LL_USART_DisableIT_CTS
                0x00000000080007ec       0x46 ./Core/Src/usart.o
 *fill*         0x0000000008000832        0x2 
 .text.MX_USART2_UART_Init
                0x0000000008000834       0xa8 ./Core/Src/usart.o
                0x0000000008000834                MX_USART2_UART_Init
 .text.Reset_Handler
                0x00000000080008dc       0x50 ./Core/Startup/startup_stm32f303k8tx.o
                0x00000000080008dc                Reset_Handler
 .text.Default_Handler
                0x000000000800092c        0x2 ./Core/Startup/startup_stm32f303k8tx.o
                0x000000000800092c                RTC_Alarm_IRQHandler
                0x000000000800092c                TIM1_CC_IRQHandler
                0x000000000800092c                PVD_IRQHandler
                0x000000000800092c                TAMP_STAMP_IRQHandler
                0x000000000800092c                EXTI3_IRQHandler
                0x000000000800092c                EXTI0_IRQHandler
                0x000000000800092c                FPU_IRQHandler
                0x000000000800092c                CAN_TX_IRQHandler
                0x000000000800092c                TIM1_UP_TIM16_IRQHandler
                0x000000000800092c                ADC1_2_IRQHandler
                0x000000000800092c                SPI1_IRQHandler
                0x000000000800092c                CAN_SCE_IRQHandler
                0x000000000800092c                DMA1_Channel4_IRQHandler
                0x000000000800092c                USART3_IRQHandler
                0x000000000800092c                DMA1_Channel7_IRQHandler
                0x000000000800092c                TIM7_DAC2_IRQHandler
                0x000000000800092c                CAN_RX1_IRQHandler
                0x000000000800092c                I2C1_EV_IRQHandler
                0x000000000800092c                DMA1_Channel6_IRQHandler
                0x000000000800092c                TIM3_IRQHandler
                0x000000000800092c                RCC_IRQHandler
                0x000000000800092c                DMA1_Channel1_IRQHandler
                0x000000000800092c                Default_Handler
                0x000000000800092c                EXTI15_10_IRQHandler
                0x000000000800092c                COMP2_IRQHandler
                0x000000000800092c                TIM6_DAC1_IRQHandler
                0x000000000800092c                EXTI9_5_IRQHandler
                0x000000000800092c                RTC_WKUP_IRQHandler
                0x000000000800092c                DMA1_Channel5_IRQHandler
                0x000000000800092c                EXTI4_IRQHandler
                0x000000000800092c                TIM1_TRG_COM_TIM17_IRQHandler
                0x000000000800092c                DMA1_Channel3_IRQHandler
                0x000000000800092c                WWDG_IRQHandler
                0x000000000800092c                TIM2_IRQHandler
                0x000000000800092c                EXTI1_IRQHandler
                0x000000000800092c                COMP4_6_IRQHandler
                0x000000000800092c                USART2_IRQHandler
                0x000000000800092c                DMA1_Channel2_IRQHandler
                0x000000000800092c                FLASH_IRQHandler
                0x000000000800092c                USART1_IRQHandler
                0x000000000800092c                CAN_RX0_IRQHandler
                0x000000000800092c                I2C1_ER_IRQHandler
                0x000000000800092c                EXTI2_TSC_IRQHandler
                0x000000000800092c                TIM1_BRK_TIM15_IRQHandler
 .text.LL_GPIO_SetPinMode
                0x000000000800092e       0x5e ./Drivers/STM32F3xx_HAL_Driver/stm32f3xx_ll_gpio.o
 .text.LL_GPIO_SetPinOutputType
                0x000000000800098c       0x30 ./Drivers/STM32F3xx_HAL_Driver/stm32f3xx_ll_gpio.o
 .text.LL_GPIO_SetPinSpeed
                0x00000000080009bc       0x5e ./Drivers/STM32F3xx_HAL_Driver/stm32f3xx_ll_gpio.o
 .text.LL_GPIO_SetPinPull
                0x0000000008000a1a       0x5e ./Drivers/STM32F3xx_HAL_Driver/stm32f3xx_ll_gpio.o
 .text.LL_GPIO_SetAFPin_0_7
                0x0000000008000a78       0x5e ./Drivers/STM32F3xx_HAL_Driver/stm32f3xx_ll_gpio.o
 .text.LL_GPIO_SetAFPin_8_15
                0x0000000008000ad6       0x62 ./Drivers/STM32F3xx_HAL_Driver/stm32f3xx_ll_gpio.o
 .text.LL_GPIO_Init
                0x0000000008000b38       0xe0 ./Drivers/STM32F3xx_HAL_Driver/stm32f3xx_ll_gpio.o
                0x0000000008000b38                LL_GPIO_Init
 .text.LL_I2C_Enable
                0x0000000008000c18       0x20 ./Drivers/STM32F3xx_HAL_Driver/stm32f3xx_ll_i2c.o
 .text.LL_I2C_Disable
                0x0000000008000c38       0x20 ./Drivers/STM32F3xx_HAL_Driver/stm32f3xx_ll_i2c.o
 .text.LL_I2C_ConfigFilters
                0x0000000008000c58       0x2e ./Drivers/STM32F3xx_HAL_Driver/stm32f3xx_ll_i2c.o
 .text.LL_I2C_SetOwnAddress1
                0x0000000008000c86       0x30 ./Drivers/STM32F3xx_HAL_Driver/stm32f3xx_ll_i2c.o
 .text.LL_I2C_EnableOwnAddress1
                0x0000000008000cb6       0x20 ./Drivers/STM32F3xx_HAL_Driver/stm32f3xx_ll_i2c.o
 .text.LL_I2C_DisableOwnAddress1
                0x0000000008000cd6       0x20 ./Drivers/STM32F3xx_HAL_Driver/stm32f3xx_ll_i2c.o
 .text.LL_I2C_SetTiming
                0x0000000008000cf6       0x1c ./Drivers/STM32F3xx_HAL_Driver/stm32f3xx_ll_i2c.o
 .text.LL_I2C_SetMode
                0x0000000008000d12       0x26 ./Drivers/STM32F3xx_HAL_Driver/stm32f3xx_ll_i2c.o
 .text.LL_I2C_AcknowledgeNextData
                0x0000000008000d38       0x26 ./Drivers/STM32F3xx_HAL_Driver/stm32f3xx_ll_i2c.o
 .text.LL_I2C_Init
                0x0000000008000d5e       0x78 ./Drivers/STM32F3xx_HAL_Driver/stm32f3xx_ll_i2c.o
                0x0000000008000d5e                LL_I2C_Init
 *fill*         0x0000000008000dd6        0x2 
 .text.LL_RCC_HSI_IsReady
                0x0000000008000dd8       0x24 ./Drivers/STM32F3xx_HAL_Driver/stm32f3xx_ll_rcc.o
 .text.LL_RCC_LSE_IsReady
                0x0000000008000dfc       0x24 ./Drivers/STM32F3xx_HAL_Driver/stm32f3xx_ll_rcc.o
 .text.LL_RCC_GetSysClkSource
                0x0000000008000e20       0x1c ./Drivers/STM32F3xx_HAL_Driver/stm32f3xx_ll_rcc.o
 .text.LL_RCC_GetAHBPrescaler
                0x0000000008000e3c       0x1c ./Drivers/STM32F3xx_HAL_Driver/stm32f3xx_ll_rcc.o
 .text.LL_RCC_GetAPB1Prescaler
                0x0000000008000e58       0x1c ./Drivers/STM32F3xx_HAL_Driver/stm32f3xx_ll_rcc.o
 .text.LL_RCC_GetAPB2Prescaler
                0x0000000008000e74       0x1c ./Drivers/STM32F3xx_HAL_Driver/stm32f3xx_ll_rcc.o
 .text.LL_RCC_GetUSARTClockSource
                0x0000000008000e90       0x2c ./Drivers/STM32F3xx_HAL_Driver/stm32f3xx_ll_rcc.o
 .text.LL_RCC_PLL_GetMainSource
                0x0000000008000ebc       0x1c ./Drivers/STM32F3xx_HAL_Driver/stm32f3xx_ll_rcc.o
 .text.LL_RCC_PLL_GetMultiplicator
                0x0000000008000ed8       0x1c ./Drivers/STM32F3xx_HAL_Driver/stm32f3xx_ll_rcc.o
 .text.LL_RCC_PLL_GetPrediv
                0x0000000008000ef4       0x1c ./Drivers/STM32F3xx_HAL_Driver/stm32f3xx_ll_rcc.o
 .text.LL_RCC_GetSystemClocksFreq
                0x0000000008000f10       0x4a ./Drivers/STM32F3xx_HAL_Driver/stm32f3xx_ll_rcc.o
                0x0000000008000f10                LL_RCC_GetSystemClocksFreq
 *fill*         0x0000000008000f5a        0x2 
 .text.LL_RCC_GetUSARTClockFreq
                0x0000000008000f5c       0x88 ./Drivers/STM32F3xx_HAL_Driver/stm32f3xx_ll_rcc.o
                0x0000000008000f5c                LL_RCC_GetUSARTClockFreq
 .text.RCC_GetSystemClockFreq
                0x0000000008000fe4       0x4c ./Drivers/STM32F3xx_HAL_Driver/stm32f3xx_ll_rcc.o
                0x0000000008000fe4                RCC_GetSystemClockFreq
 .text.RCC_GetHCLKClockFreq
                0x0000000008001030       0x2c ./Drivers/STM32F3xx_HAL_Driver/stm32f3xx_ll_rcc.o
                0x0000000008001030                RCC_GetHCLKClockFreq
 .text.RCC_GetPCLK1ClockFreq
                0x000000000800105c       0x28 ./Drivers/STM32F3xx_HAL_Driver/stm32f3xx_ll_rcc.o
                0x000000000800105c                RCC_GetPCLK1ClockFreq
 .text.RCC_GetPCLK2ClockFreq
                0x0000000008001084       0x28 ./Drivers/STM32F3xx_HAL_Driver/stm32f3xx_ll_rcc.o
                0x0000000008001084                RCC_GetPCLK2ClockFreq
 .text.RCC_PLL_GetFreqDomain_SYS
                0x00000000080010ac       0x7c ./Drivers/STM32F3xx_HAL_Driver/stm32f3xx_ll_rcc.o
                0x00000000080010ac                RCC_PLL_GetFreqDomain_SYS
 .text.LL_USART_IsEnabled
                0x0000000008001128       0x26 ./Drivers/STM32F3xx_HAL_Driver/stm32f3xx_ll_usart.o
 .text.LL_USART_SetStopBitsLength
                0x000000000800114e       0x26 ./Drivers/STM32F3xx_HAL_Driver/stm32f3xx_ll_usart.o
 .text.LL_USART_SetHWFlowCtrl
                0x0000000008001174       0x26 ./Drivers/STM32F3xx_HAL_Driver/stm32f3xx_ll_usart.o
 .text.LL_USART_SetBaudRate
                0x000000000800119a       0x6e ./Drivers/STM32F3xx_HAL_Driver/stm32f3xx_ll_usart.o
 .text.LL_USART_Init
                0x0000000008001208       0xd8 ./Drivers/STM32F3xx_HAL_Driver/stm32f3xx_ll_usart.o
                0x0000000008001208                LL_USART_Init
 .text.LL_InitTick
                0x00000000080012e0       0x34 ./Drivers/STM32F3xx_HAL_Driver/stm32f3xx_ll_utils.o
 .text.LL_Init1msTick
                0x0000000008001314       0x1a ./Drivers/STM32F3xx_HAL_Driver/stm32f3xx_ll_utils.o
                0x0000000008001314                LL_Init1msTick
 *fill*         0x000000000800132e        0x2 
 .text.LL_SetSystemCoreClock
                0x0000000008001330       0x20 ./Drivers/STM32F3xx_HAL_Driver/stm32f3xx_ll_utils.o
                0x0000000008001330                LL_SetSystemCoreClock
 .text.__libc_init_array
                0x0000000008001350       0x48 c:/st/stm32cubeide_1.10.1/stm32cubeide/plugins/com.st.stm32cube.ide.mcu.externaltools.gnu-tools-for-stm32.10.3-2021.10.win32_1.0.200.202301161003/tools/bin/../lib/gcc/arm-none-eabi/10.3.1/../../../../arm-none-eabi/lib/thumb/v7e-m+fp/hard\libc_nano.a(lib_a-init.o)
                0x0000000008001350                __libc_init_array
 *(.glue_7)
 .glue_7        0x0000000008001398        0x0 linker stubs
 *(.glue_7t)
 .glue_7t       0x0000000008001398        0x0 linker stubs
 *(.eh_frame)
 .eh_frame      0x0000000008001398        0x0 c:/st/stm32cubeide_1.10.1/stm32cubeide/plugins/com.st.stm32cube.ide.mcu.externaltools.gnu-tools-for-stm32.10.3-2021.10.win32_1.0.200.202301161003/tools/bin/../lib/gcc/arm-none-eabi/10.3.1/thumb/v7e-m+fp/hard/crtbegin.o
 *(.init)
 .init          0x0000000008001398        0x4 c:/st/stm32cubeide_1.10.1/stm32cubeide/plugins/com.st.stm32cube.ide.mcu.externaltools.gnu-tools-for-stm32.10.3-2021.10.win32_1.0.200.202301161003/tools/bin/../lib/gcc/arm-none-eabi/10.3.1/thumb/v7e-m+fp/hard/crti.o
                0x0000000008001398                _init
 .init          0x000000000800139c        0x8 c:/st/stm32cubeide_1.10.1/stm32cubeide/plugins/com.st.stm32cube.ide.mcu.externaltools.gnu-tools-for-stm32.10.3-2021.10.win32_1.0.200.202301161003/tools/bin/../lib/gcc/arm-none-eabi/10.3.1/thumb/v7e-m+fp/hard/crtn.o
 *(.fini)
 .fini          0x00000000080013a4        0x4 c:/st/stm32cubeide_1.10.1/stm32cubeide/plugins/com.st.stm32cube.ide.mcu.externaltools.gnu-tools-for-stm32.10.3-2021.10.win32_1.0.200.202301161003/tools/bin/../lib/gcc/arm-none-eabi/10.3.1/thumb/v7e-m+fp/hard/crti.o
                0x00000000080013a4                _fini
 .fini          0x00000000080013a8        0x8 c:/st/stm32cubeide_1.10.1/stm32cubeide/plugins/com.st.stm32cube.ide.mcu.externaltools.gnu-tools-for-stm32.10.3-2021.10.win32_1.0.200.202301161003/tools/bin/../lib/gcc/arm-none-eabi/10.3.1/thumb/v7e-m+fp/hard/crtn.o
                0x00000000080013b0                . = ALIGN (0x4)
                0x00000000080013b0                _etext = .

.vfp11_veneer   0x00000000080013b0        0x0
 .vfp11_veneer  0x00000000080013b0        0x0 linker stubs

.v4_bx          0x00000000080013b0        0x0
 .v4_bx         0x00000000080013b0        0x0 linker stubs

.iplt           0x00000000080013b0        0x0
 .iplt          0x00000000080013b0        0x0 c:/st/stm32cubeide_1.10.1/stm32cubeide/plugins/com.st.stm32cube.ide.mcu.externaltools.gnu-tools-for-stm32.10.3-2021.10.win32_1.0.200.202301161003/tools/bin/../lib/gcc/arm-none-eabi/10.3.1/thumb/v7e-m+fp/hard/crtbegin.o

.rodata         0x00000000080013b0       0x18
                0x00000000080013b0                . = ALIGN (0x4)
 *(.rodata)
 *(.rodata*)
 .rodata.AHBPrescTable
                0x00000000080013b0       0x10 ./Core/Src/system_stm32f3xx.o
                0x00000000080013b0                AHBPrescTable
 .rodata.APBPrescTable
                0x00000000080013c0        0x8 ./Core/Src/system_stm32f3xx.o
                0x00000000080013c0                APBPrescTable
                0x00000000080013c8                . = ALIGN (0x4)

.rel.dyn        0x00000000080013c8        0x0
 .rel.iplt      0x00000000080013c8        0x0 c:/st/stm32cubeide_1.10.1/stm32cubeide/plugins/com.st.stm32cube.ide.mcu.externaltools.gnu-tools-for-stm32.10.3-2021.10.win32_1.0.200.202301161003/tools/bin/../lib/gcc/arm-none-eabi/10.3.1/thumb/v7e-m+fp/hard/crtbegin.o

.ARM.extab      0x00000000080013c8        0x0
                0x00000000080013c8                . = ALIGN (0x4)
 *(.ARM.extab* .gnu.linkonce.armextab.*)
                0x00000000080013c8                . = ALIGN (0x4)

.ARM            0x00000000080013c8        0x0
                0x00000000080013c8                . = ALIGN (0x4)
                0x00000000080013c8                __exidx_start = .
 *(.ARM.exidx*)
                0x00000000080013c8                __exidx_end = .
                0x00000000080013c8                . = ALIGN (0x4)

.preinit_array  0x00000000080013c8        0x0
                0x00000000080013c8                . = ALIGN (0x4)
                0x00000000080013c8                PROVIDE (__preinit_array_start = .)
 *(.preinit_array*)
                0x00000000080013c8                PROVIDE (__preinit_array_end = .)
                0x00000000080013c8                . = ALIGN (0x4)

.init_array     0x00000000080013c8        0x4
                0x00000000080013c8                . = ALIGN (0x4)
                0x00000000080013c8                PROVIDE (__init_array_start = .)
 *(SORT_BY_NAME(.init_array.*))
 *(.init_array*)
 .init_array    0x00000000080013c8        0x4 c:/st/stm32cubeide_1.10.1/stm32cubeide/plugins/com.st.stm32cube.ide.mcu.externaltools.gnu-tools-for-stm32.10.3-2021.10.win32_1.0.200.202301161003/tools/bin/../lib/gcc/arm-none-eabi/10.3.1/thumb/v7e-m+fp/hard/crtbegin.o
                0x00000000080013cc                PROVIDE (__init_array_end = .)
                0x00000000080013cc                . = ALIGN (0x4)

.fini_array     0x00000000080013cc        0x4
                0x00000000080013cc                . = ALIGN (0x4)
                [!provide]                        PROVIDE (__fini_array_start = .)
 *(SORT_BY_NAME(.fini_array.*))
 *(.fini_array*)
 .fini_array    0x00000000080013cc        0x4 c:/st/stm32cubeide_1.10.1/stm32cubeide/plugins/com.st.stm32cube.ide.mcu.externaltools.gnu-tools-for-stm32.10.3-2021.10.win32_1.0.200.202301161003/tools/bin/../lib/gcc/arm-none-eabi/10.3.1/thumb/v7e-m+fp/hard/crtbegin.o
                [!provide]                        PROVIDE (__fini_array_end = .)
                0x00000000080013d0                . = ALIGN (0x4)
                0x00000000080013d0                _sidata = LOADADDR (.data)

.data           0x0000000020000000        0x4 load address 0x00000000080013d0
                0x0000000020000000                . = ALIGN (0x4)
                0x0000000020000000                _sdata = .
 *(.data)
 *(.data*)
 .data.SystemCoreClock
                0x0000000020000000        0x4 ./Core/Src/system_stm32f3xx.o
                0x0000000020000000                SystemCoreClock
 *(.RamFunc)
 *(.RamFunc*)
                0x0000000020000004                . = ALIGN (0x4)
                0x0000000020000004                _edata = .
                0x00000000080013d4                _siccmram = LOADADDR (.ccmram)

.igot.plt       0x0000000020000004        0x0 load address 0x00000000080013d4
 .igot.plt      0x0000000020000004        0x0 c:/st/stm32cubeide_1.10.1/stm32cubeide/plugins/com.st.stm32cube.ide.mcu.externaltools.gnu-tools-for-stm32.10.3-2021.10.win32_1.0.200.202301161003/tools/bin/../lib/gcc/arm-none-eabi/10.3.1/thumb/v7e-m+fp/hard/crtbegin.o

.ccmram         0x0000000010000000        0x0 load address 0x00000000080013d4
                0x0000000010000000                . = ALIGN (0x4)
                0x0000000010000000                _sccmram = .
 *(.ccmram)
 *(.ccmram*)
                0x0000000010000000                . = ALIGN (0x4)
                0x0000000010000000                _eccmram = .
                0x0000000010000000                . = ALIGN (0x4)

.bss            0x0000000020000004       0x1c
                0x0000000020000004                _sbss = .
                0x0000000020000004                __bss_start__ = _sbss
 *(.bss)
 .bss           0x0000000020000004       0x1c c:/st/stm32cubeide_1.10.1/stm32cubeide/plugins/com.st.stm32cube.ide.mcu.externaltools.gnu-tools-for-stm32.10.3-2021.10.win32_1.0.200.202301161003/tools/bin/../lib/gcc/arm-none-eabi/10.3.1/thumb/v7e-m+fp/hard/crtbegin.o
 *(.bss*)
 *(COMMON)
                0x0000000020000020                . = ALIGN (0x4)
                0x0000000020000020                _ebss = .
                0x0000000020000020                __bss_end__ = _ebss

._user_heap_stack
                0x0000000020000020      0x600
                0x0000000020000020                . = ALIGN (0x8)
                [!provide]                        PROVIDE (end = .)
                0x0000000020000020                PROVIDE (_end = .)
                0x0000000020000220                . = (. + _Min_Heap_Size)
 *fill*         0x0000000020000020      0x200 
                0x0000000020000620                . = (. + _Min_Stack_Size)
 *fill*         0x0000000020000220      0x400 
                0x0000000020000620                . = ALIGN (0x8)

/DISCARD/
 libc.a(*)
 libm.a(*)
 libgcc.a(*)

.ARM.attributes
                0x0000000000000000       0x30
 *(.ARM.attributes)
 .ARM.attributes
                0x0000000000000000       0x1e c:/st/stm32cubeide_1.10.1/stm32cubeide/plugins/com.st.stm32cube.ide.mcu.externaltools.gnu-tools-for-stm32.10.3-2021.10.win32_1.0.200.202301161003/tools/bin/../lib/gcc/arm-none-eabi/10.3.1/thumb/v7e-m+fp/hard/crti.o
 .ARM.attributes
                0x000000000000001e       0x34 c:/st/stm32cubeide_1.10.1/stm32cubeide/plugins/com.st.stm32cube.ide.mcu.externaltools.gnu-tools-for-stm32.10.3-2021.10.win32_1.0.200.202301161003/tools/bin/../lib/gcc/arm-none-eabi/10.3.1/thumb/v7e-m+fp/hard/crtbegin.o
 .ARM.attributes
                0x0000000000000052       0x34 ./Core/Src/gpio.o
 .ARM.attributes
                0x0000000000000086       0x34 ./Core/Src/i2c.o
 .ARM.attributes
                0x00000000000000ba       0x34 ./Core/Src/main.o
 .ARM.attributes
                0x00000000000000ee       0x34 ./Core/Src/stm32f3xx_it.o
 .ARM.attributes
                0x0000000000000122       0x34 ./Core/Src/system_stm32f3xx.o
 .ARM.attributes
                0x0000000000000156       0x34 ./Core/Src/usart.o
 .ARM.attributes
                0x000000000000018a       0x21 ./Core/Startup/startup_stm32f303k8tx.o
 .ARM.attributes
                0x00000000000001ab       0x34 ./Drivers/STM32F3xx_HAL_Driver/stm32f3xx_ll_gpio.o
 .ARM.attributes
                0x00000000000001df       0x34 ./Drivers/STM32F3xx_HAL_Driver/stm32f3xx_ll_i2c.o
 .ARM.attributes
                0x0000000000000213       0x34 ./Drivers/STM32F3xx_HAL_Driver/stm32f3xx_ll_rcc.o
 .ARM.attributes
                0x0000000000000247       0x34 ./Drivers/STM32F3xx_HAL_Driver/stm32f3xx_ll_usart.o
 .ARM.attributes
                0x000000000000027b       0x34 ./Drivers/STM32F3xx_HAL_Driver/stm32f3xx_ll_utils.o
 .ARM.attributes
                0x00000000000002af       0x34 c:/st/stm32cubeide_1.10.1/stm32cubeide/plugins/com.st.stm32cube.ide.mcu.externaltools.gnu-tools-for-stm32.10.3-2021.10.win32_1.0.200.202301161003/tools/bin/../lib/gcc/arm-none-eabi/10.3.1/../../../../arm-none-eabi/lib/thumb/v7e-m+fp/hard\libc_nano.a(lib_a-init.o)
 .ARM.attributes
                0x00000000000002e3       0x1e c:/st/stm32cubeide_1.10.1/stm32cubeide/plugins/com.st.stm32cube.ide.mcu.externaltools.gnu-tools-for-stm32.10.3-2021.10.win32_1.0.200.202301161003/tools/bin/../lib/gcc/arm-none-eabi/10.3.1/thumb/v7e-m+fp/hard/crtn.o
OUTPUT(I2C_board.elf elf32-littlearm)
LOAD linker stubs
LOAD c:/st/stm32cubeide_1.10.1/stm32cubeide/plugins/com.st.stm32cube.ide.mcu.externaltools.gnu-tools-for-stm32.10.3-2021.10.win32_1.0.200.202301161003/tools/bin/../lib/gcc/arm-none-eabi/10.3.1/../../../../arm-none-eabi/lib/thumb/v7e-m+fp/hard\libc.a
LOAD c:/st/stm32cubeide_1.10.1/stm32cubeide/plugins/com.st.stm32cube.ide.mcu.externaltools.gnu-tools-for-stm32.10.3-2021.10.win32_1.0.200.202301161003/tools/bin/../lib/gcc/arm-none-eabi/10.3.1/../../../../arm-none-eabi/lib/thumb/v7e-m+fp/hard\libm.a
LOAD c:/st/stm32cubeide_1.10.1/stm32cubeide/plugins/com.st.stm32cube.ide.mcu.externaltools.gnu-tools-for-stm32.10.3-2021.10.win32_1.0.200.202301161003/tools/bin/../lib/gcc/arm-none-eabi/10.3.1/thumb/v7e-m+fp/hard\libgcc.a

.debug_info     0x0000000000000000     0x3fc5
 .debug_info    0x0000000000000000      0x1e4 ./Core/Src/gpio.o
 .debug_info    0x00000000000001e4      0x815 ./Core/Src/i2c.o
 .debug_info    0x00000000000009f9      0x6a8 ./Core/Src/main.o
 .debug_info    0x00000000000010a1      0x156 ./Core/Src/stm32f3xx_it.o
 .debug_info    0x00000000000011f7      0x40f ./Core/Src/system_stm32f3xx.o
 .debug_info    0x0000000000001606      0x683 ./Core/Src/usart.o
 .debug_info    0x0000000000001c89       0x22 ./Core/Startup/startup_stm32f303k8tx.o
 .debug_info    0x0000000000001cab      0x751 ./Drivers/STM32F3xx_HAL_Driver/stm32f3xx_ll_gpio.o
 .debug_info    0x00000000000023fc      0x582 ./Drivers/STM32F3xx_HAL_Driver/stm32f3xx_ll_i2c.o
 .debug_info    0x000000000000297e      0x716 ./Drivers/STM32F3xx_HAL_Driver/stm32f3xx_ll_rcc.o
 .debug_info    0x0000000000003094      0x6e7 ./Drivers/STM32F3xx_HAL_Driver/stm32f3xx_ll_usart.o
 .debug_info    0x000000000000377b      0x84a ./Drivers/STM32F3xx_HAL_Driver/stm32f3xx_ll_utils.o

.debug_abbrev   0x0000000000000000     0x129d
 .debug_abbrev  0x0000000000000000      0x101 ./Core/Src/gpio.o
 .debug_abbrev  0x0000000000000101      0x1ef ./Core/Src/i2c.o
 .debug_abbrev  0x00000000000002f0      0x1be ./Core/Src/main.o
 .debug_abbrev  0x00000000000004ae       0x80 ./Core/Src/stm32f3xx_it.o
 .debug_abbrev  0x000000000000052e      0x116 ./Core/Src/system_stm32f3xx.o
 .debug_abbrev  0x0000000000000644      0x20f ./Core/Src/usart.o
 .debug_abbrev  0x0000000000000853       0x12 ./Core/Startup/startup_stm32f303k8tx.o
 .debug_abbrev  0x0000000000000865      0x20e ./Drivers/STM32F3xx_HAL_Driver/stm32f3xx_ll_gpio.o
 .debug_abbrev  0x0000000000000a73      0x16e ./Drivers/STM32F3xx_HAL_Driver/stm32f3xx_ll_i2c.o
 .debug_abbrev  0x0000000000000be1      0x23b ./Drivers/STM32F3xx_HAL_Driver/stm32f3xx_ll_rcc.o
 .debug_abbrev  0x0000000000000e1c      0x1d2 ./Drivers/STM32F3xx_HAL_Driver/stm32f3xx_ll_usart.o
 .debug_abbrev  0x0000000000000fee      0x2af ./Drivers/STM32F3xx_HAL_Driver/stm32f3xx_ll_utils.o

.debug_aranges  0x0000000000000000      0x5c8
 .debug_aranges
                0x0000000000000000       0x28 ./Core/Src/gpio.o
 .debug_aranges
                0x0000000000000028       0x98 ./Core/Src/i2c.o
 .debug_aranges
                0x00000000000000c0       0xa0 ./Core/Src/main.o
 .debug_aranges
                0x0000000000000160       0x60 ./Core/Src/stm32f3xx_it.o
 .debug_aranges
                0x00000000000001c0       0x28 ./Core/Src/system_stm32f3xx.o
 .debug_aranges
                0x00000000000001e8       0x48 ./Core/Src/usart.o
 .debug_aranges
                0x0000000000000230       0x28 ./Core/Startup/startup_stm32f303k8tx.o
 .debug_aranges
                0x0000000000000258       0x70 ./Drivers/STM32F3xx_HAL_Driver/stm32f3xx_ll_gpio.o
 .debug_aranges
                0x00000000000002c8       0x88 ./Drivers/STM32F3xx_HAL_Driver/stm32f3xx_ll_i2c.o
 .debug_aranges
                0x0000000000000350      0x100 ./Drivers/STM32F3xx_HAL_Driver/stm32f3xx_ll_rcc.o
 .debug_aranges
                0x0000000000000450       0x88 ./Drivers/STM32F3xx_HAL_Driver/stm32f3xx_ll_usart.o
 .debug_aranges
                0x00000000000004d8       0xf0 ./Drivers/STM32F3xx_HAL_Driver/stm32f3xx_ll_utils.o

.debug_ranges   0x0000000000000000      0x510
 .debug_ranges  0x0000000000000000       0x18 ./Core/Src/gpio.o
 .debug_ranges  0x0000000000000018       0x88 ./Core/Src/i2c.o
 .debug_ranges  0x00000000000000a0       0x90 ./Core/Src/main.o
 .debug_ranges  0x0000000000000130       0x50 ./Core/Src/stm32f3xx_it.o
 .debug_ranges  0x0000000000000180       0x18 ./Core/Src/system_stm32f3xx.o
 .debug_ranges  0x0000000000000198       0x38 ./Core/Src/usart.o
 .debug_ranges  0x00000000000001d0       0x20 ./Core/Startup/startup_stm32f303k8tx.o
 .debug_ranges  0x00000000000001f0       0x60 ./Drivers/STM32F3xx_HAL_Driver/stm32f3xx_ll_gpio.o
 .debug_ranges  0x0000000000000250       0x78 ./Drivers/STM32F3xx_HAL_Driver/stm32f3xx_ll_i2c.o
 .debug_ranges  0x00000000000002c8       0xf0 ./Drivers/STM32F3xx_HAL_Driver/stm32f3xx_ll_rcc.o
 .debug_ranges  0x00000000000003b8       0x78 ./Drivers/STM32F3xx_HAL_Driver/stm32f3xx_ll_usart.o
 .debug_ranges  0x0000000000000430       0xe0 ./Drivers/STM32F3xx_HAL_Driver/stm32f3xx_ll_utils.o

.debug_macro    0x0000000000000000    0x154aa
 .debug_macro   0x0000000000000000      0x13e ./Core/Src/gpio.o
 .debug_macro   0x000000000000013e      0xaae ./Core/Src/gpio.o
 .debug_macro   0x0000000000000bec       0x2e ./Core/Src/gpio.o
 .debug_macro   0x0000000000000c1a       0x28 ./Core/Src/gpio.o
 .debug_macro   0x0000000000000c42       0x22 ./Core/Src/gpio.o
 .debug_macro   0x0000000000000c64       0x8e ./Core/Src/gpio.o
 .debug_macro   0x0000000000000cf2       0x51 ./Core/Src/gpio.o
 .debug_macro   0x0000000000000d43      0x103 ./Core/Src/gpio.o
 .debug_macro   0x0000000000000e46       0x6a ./Core/Src/gpio.o
 .debug_macro   0x0000000000000eb0      0x1df ./Core/Src/gpio.o
 .debug_macro   0x000000000000108f       0x1c ./Core/Src/gpio.o
 .debug_macro   0x00000000000010ab       0x22 ./Core/Src/gpio.o
 .debug_macro   0x00000000000010cd       0xd9 ./Core/Src/gpio.o
 .debug_macro   0x00000000000011a6      0xf07 ./Core/Src/gpio.o
 .debug_macro   0x00000000000020ad    0x10be0 ./Core/Src/gpio.o
 .debug_macro   0x0000000000012c8d       0x6d ./Core/Src/gpio.o
 .debug_macro   0x0000000000012cfa      0x247 ./Core/Src/gpio.o
 .debug_macro   0x0000000000012f41      0x4c2 ./Core/Src/gpio.o
 .debug_macro   0x0000000000013403       0xe0 ./Core/Src/gpio.o
 .debug_macro   0x00000000000134e3      0x29f ./Core/Src/gpio.o
 .debug_macro   0x0000000000013782       0xfe ./Core/Src/gpio.o
 .debug_macro   0x0000000000013880       0x28 ./Core/Src/gpio.o
 .debug_macro   0x00000000000138a8       0x30 ./Core/Src/gpio.o
 .debug_macro   0x00000000000138d8       0xa8 ./Core/Src/gpio.o
 .debug_macro   0x0000000000013980      0x287 ./Core/Src/gpio.o
 .debug_macro   0x0000000000013c07      0x2f7 ./Core/Src/gpio.o
 .debug_macro   0x0000000000013efe      0x142 ./Core/Src/gpio.o
 .debug_macro   0x0000000000014040       0x5e ./Core/Src/gpio.o
 .debug_macro   0x000000000001409e      0x13e ./Core/Src/i2c.o
 .debug_macro   0x00000000000141dc      0x156 ./Core/Src/main.o
 .debug_macro   0x0000000000014332      0x13e ./Core/Src/stm32f3xx_it.o
 .debug_macro   0x0000000000014470       0xbc ./Core/Src/system_stm32f3xx.o
 .debug_macro   0x000000000001452c      0x13e ./Core/Src/usart.o
 .debug_macro   0x000000000001466a       0xfe ./Drivers/STM32F3xx_HAL_Driver/stm32f3xx_ll_gpio.o
 .debug_macro   0x0000000000014768      0x13c ./Drivers/STM32F3xx_HAL_Driver/stm32f3xx_ll_gpio.o
 .debug_macro   0x00000000000148a4       0xfe ./Drivers/STM32F3xx_HAL_Driver/stm32f3xx_ll_i2c.o
 .debug_macro   0x00000000000149a2       0xf0 ./Drivers/STM32F3xx_HAL_Driver/stm32f3xx_ll_rcc.o
 .debug_macro   0x0000000000014a92      0x4bc ./Drivers/STM32F3xx_HAL_Driver/stm32f3xx_ll_rcc.o
 .debug_macro   0x0000000000014f4e      0x131 ./Drivers/STM32F3xx_HAL_Driver/stm32f3xx_ll_usart.o
 .debug_macro   0x000000000001507f      0x2f1 ./Drivers/STM32F3xx_HAL_Driver/stm32f3xx_ll_usart.o
 .debug_macro   0x0000000000015370      0x13a ./Drivers/STM32F3xx_HAL_Driver/stm32f3xx_ll_utils.o

.debug_line     0x0000000000000000     0x55f1
 .debug_line    0x0000000000000000      0x658 ./Core/Src/gpio.o
 .debug_line    0x0000000000000658      0x86a ./Core/Src/i2c.o
 .debug_line    0x0000000000000ec2      0x876 ./Core/Src/main.o
 .debug_line    0x0000000000001738      0x6f5 ./Core/Src/stm32f3xx_it.o
 .debug_line    0x0000000000001e2d      0x547 ./Core/Src/system_stm32f3xx.o
 .debug_line    0x0000000000002374      0x741 ./Core/Src/usart.o
 .debug_line    0x0000000000002ab5       0x88 ./Core/Startup/startup_stm32f303k8tx.o
 .debug_line    0x0000000000002b3d      0x81b ./Drivers/STM32F3xx_HAL_Driver/stm32f3xx_ll_gpio.o
 .debug_line    0x0000000000003358      0x70d ./Drivers/STM32F3xx_HAL_Driver/stm32f3xx_ll_i2c.o
 .debug_line    0x0000000000003a65      0x9db ./Drivers/STM32F3xx_HAL_Driver/stm32f3xx_ll_rcc.o
 .debug_line    0x0000000000004440      0x7be ./Drivers/STM32F3xx_HAL_Driver/stm32f3xx_ll_usart.o
 .debug_line    0x0000000000004bfe      0x9f3 ./Drivers/STM32F3xx_HAL_Driver/stm32f3xx_ll_utils.o

.debug_str      0x0000000000000000    0x70b52
 .debug_str     0x0000000000000000    0x6ddec ./Core/Src/gpio.o
                                      0x6df58 (size before relaxing)
 .debug_str     0x000000000006ddec      0x337 ./Core/Src/i2c.o
                                      0x6e2b4 (size before relaxing)
 .debug_str     0x000000000006e123      0x259 ./Core/Src/main.o
                                      0x6e1ef (size before relaxing)
 .debug_str     0x000000000006e37c       0xbd ./Core/Src/stm32f3xx_it.o
                                      0x6df5a (size before relaxing)
 .debug_str     0x000000000006e439       0x7b ./Core/Src/system_stm32f3xx.o
                                      0x65614 (size before relaxing)
 .debug_str     0x000000000006e4b4      0x12c ./Core/Src/usart.o
                                      0x6e151 (size before relaxing)
 .debug_str     0x000000000006e5e0       0x36 ./Core/Startup/startup_stm32f303k8tx.o
                                         0x6f (size before relaxing)
 .debug_str     0x000000000006e616      0x68c ./Drivers/STM32F3xx_HAL_Driver/stm32f3xx_ll_gpio.o
                                      0x66984 (size before relaxing)
 .debug_str     0x000000000006eca2      0x428 ./Drivers/STM32F3xx_HAL_Driver/stm32f3xx_ll_i2c.o
                                      0x66fd4 (size before relaxing)
 .debug_str     0x000000000006f0ca      0x52b ./Drivers/STM32F3xx_HAL_Driver/stm32f3xx_ll_rcc.o
                                      0x67df2 (size before relaxing)
 .debug_str     0x000000000006f5f5      0x889 ./Drivers/STM32F3xx_HAL_Driver/stm32f3xx_ll_usart.o
                                      0x698f0 (size before relaxing)
 .debug_str     0x000000000006fe7e      0xcd4 ./Drivers/STM32F3xx_HAL_Driver/stm32f3xx_ll_utils.o
                                      0x6a674 (size before relaxing)

.comment        0x0000000000000000       0x50
 .comment       0x0000000000000000       0x50 ./Core/Src/gpio.o
                                         0x51 (size before relaxing)
 .comment       0x0000000000000050       0x51 ./Core/Src/i2c.o
 .comment       0x0000000000000050       0x51 ./Core/Src/main.o
 .comment       0x0000000000000050       0x51 ./Core/Src/stm32f3xx_it.o
 .comment       0x0000000000000050       0x51 ./Core/Src/system_stm32f3xx.o
 .comment       0x0000000000000050       0x51 ./Core/Src/usart.o
 .comment       0x0000000000000050       0x51 ./Drivers/STM32F3xx_HAL_Driver/stm32f3xx_ll_gpio.o
 .comment       0x0000000000000050       0x51 ./Drivers/STM32F3xx_HAL_Driver/stm32f3xx_ll_i2c.o
 .comment       0x0000000000000050       0x51 ./Drivers/STM32F3xx_HAL_Driver/stm32f3xx_ll_rcc.o
 .comment       0x0000000000000050       0x51 ./Drivers/STM32F3xx_HAL_Driver/stm32f3xx_ll_usart.o
 .comment       0x0000000000000050       0x51 ./Drivers/STM32F3xx_HAL_Driver/stm32f3xx_ll_utils.o

.debug_frame    0x0000000000000000     0x15e8
 .debug_frame   0x0000000000000000       0x54 ./Core/Src/gpio.o
 .debug_frame   0x0000000000000054      0x28c ./Core/Src/i2c.o
 .debug_frame   0x00000000000002e0      0x270 ./Core/Src/main.o
 .debug_frame   0x0000000000000550      0x108 ./Core/Src/stm32f3xx_it.o
 .debug_frame   0x0000000000000658       0x58 ./Core/Src/system_stm32f3xx.o
 .debug_frame   0x00000000000006b0       0xfc ./Core/Src/usart.o
 .debug_frame   0x00000000000007ac      0x1c0 ./Drivers/STM32F3xx_HAL_Driver/stm32f3xx_ll_gpio.o
 .debug_frame   0x000000000000096c      0x238 ./Drivers/STM32F3xx_HAL_Driver/stm32f3xx_ll_i2c.o
 .debug_frame   0x0000000000000ba4      0x408 ./Drivers/STM32F3xx_HAL_Driver/stm32f3xx_ll_rcc.o
 .debug_frame   0x0000000000000fac      0x234 ./Drivers/STM32F3xx_HAL_Driver/stm32f3xx_ll_usart.o
 .debug_frame   0x00000000000011e0      0x3dc ./Drivers/STM32F3xx_HAL_Driver/stm32f3xx_ll_utils.o
 .debug_frame   0x00000000000015bc       0x2c c:/st/stm32cubeide_1.10.1/stm32cubeide/plugins/com.st.stm32cube.ide.mcu.externaltools.gnu-tools-for-stm32.10.3-2021.10.win32_1.0.200.202301161003/tools/bin/../lib/gcc/arm-none-eabi/10.3.1/../../../../arm-none-eabi/lib/thumb/v7e-m+fp/hard\libc_nano.a(lib_a-init.o)
