C:/Users/david/STM32Cube/Repository/STM32Cube_FW_F3_V1.11.4/Drivers/STM32F3xx_HAL_Driver/Inc/stm32f3xx_ll_i2c.h:644:22:LL_I2C_EnableClockStretching	16	static
C:/Users/david/STM32Cube/Repository/STM32Cube_FW_F3_V1.11.4/Drivers/STM32F3xx_HAL_Driver/Inc/stm32f3xx_ll_i2c.h:764:22:LL_I2C_DisableGeneralCall	16	static
C:/Users/david/STM32Cube/Repository/STM32Cube_FW_F3_V1.11.4/Drivers/STM32F3xx_HAL_Driver/Inc/stm32f3xx_ll_i2c.h:875:22:LL_I2C_SetOwnAddress2	24	static
C:/Users/david/STM32Cube/Repository/STM32Cube_FW_F3_V1.11.4/Drivers/STM32F3xx_HAL_Driver/Inc/stm32f3xx_ll_i2c.h:897:22:LL_I2C_DisableOwnAddress2	16	static
C:/Users/david/STM32Cube/Repository/STM32Cube_FW_F3_V1.11.4/Drivers/STM32F3xx_HAL_Driver/Inc/stm32f3xx_ll_i2c.h:1320:22:LL_I2C_EnableIT_RX	16	static
C:/Users/david/STM32Cube/Repository/STM32Cube_FW_F3_V1.11.4/Drivers/STM32F3xx_HAL_Driver/Inc/stm32f3xx_ll_i2c.h:1331:22:LL_I2C_DisableIT_RX	16	static
C:/Users/david/STM32Cube/Repository/STM32Cube_FW_F3_V1.11.4/Drivers/STM32F3xx_HAL_Driver/Inc/stm32f3xx_ll_i2c.h:1565:26:LL_I2C_IsActiveFlag_TXIS	16	static
C:/Users/david/STM32Cube/Repository/STM32Cube_FW_F3_V1.11.4/Drivers/STM32F3xx_HAL_Driver/Inc/stm32f3xx_ll_i2c.h:1617:26:LL_I2C_IsActiveFlag_STOP	16	static
C:/Users/david/STM32Cube/Repository/STM32Cube_FW_F3_V1.11.4/Drivers/STM32F3xx_HAL_Driver/Inc/stm32f3xx_ll_i2c.h:1774:22:LL_I2C_ClearFlag_STOP	16	static
C:/Users/david/STM32Cube/Repository/STM32Cube_FW_F3_V1.11.4/Drivers/STM32F3xx_HAL_Driver/Inc/stm32f3xx_ll_i2c.h:1879:22:LL_I2C_EnableAutoEndMode	16	static
C:/Users/david/STM32Cube/Repository/STM32Cube_FW_F3_V1.11.4/Drivers/STM32F3xx_HAL_Driver/Inc/stm32f3xx_ll_i2c.h:2133:22:LL_I2C_HandleTransfer	24	static
C:/Users/david/STM32Cube/Repository/STM32Cube_FW_F3_V1.11.4/Drivers/STM32F3xx_HAL_Driver/Inc/stm32f3xx_ll_i2c.h:2230:22:LL_I2C_TransmitData8	16	static
C:/Users/david/STM32Cube/Repository/STM32Cube_FW_F3_V1.11.4/Drivers/STM32F3xx_HAL_Driver/Inc/stm32f3xx_ll_bus.h:285:22:LL_AHB1_GRP1_EnableClock	24	static
C:/Users/david/STM32Cube/Repository/STM32Cube_FW_F3_V1.11.4/Drivers/STM32F3xx_HAL_Driver/Inc/stm32f3xx_ll_bus.h:535:22:LL_APB1_GRP1_EnableClock	24	static
../Core/Src/i2c.c:29:6:MX_I2C1_Init	64	static
../Core/Src/i2c.c:82:10:i2c_master_read	24	static
